
> ensign-crm@0.1.0 build
> next build

Γû▓ Next.js 16.2.0 (Turbopack)
- Environments: .env.local

  Creating an optimized production build ...
Γ£ô Compiled successfully in 3.8s
  Running TypeScript ...
node.exe : Failed to type check.
At line:1 char:1
+ & "C:\Program Files\nodejs/node.exe" 
"C:\Program Files\nodejs/node_mo ...
+ ~~~~~~~~~~~~~~~~~~~~~~~~~~~~~~~~~~~~~~~
~~~~~~~~~~~~~~~~~~~~~~~~~~~~~~
    + CategoryInfo          : NotSpecifi 
   ed: (Failed to type check.:String) [  
  ], RemoteException
    + FullyQualifiedErrorId : NativeComm 
   andError
 

./src/app/reset-password/page.tsx:47:43
Type error: Type '{ children: string; 
htmlFor: string; name: string; 
className: string; }' is not assignable 
to type 'IntrinsicAttributes & 
ClassAttributes<HTMLLabelElement> & 
LabelHTMLAttributes<HTMLLabelElement>'.
  Property 'name' does not exist on type 
'IntrinsicAttributes & 
ClassAttributes<HTMLLabelElement> & 
LabelHTMLAttributes<HTMLLabelElement>'.

  [90m45 |[0m             <>
  [90m46 |[0m               <div 
className=[32m"space-y-3"[0m>
[31m[1m>[0m [90m47 |[0m             
    <[33mLabel[0m 
htmlFor=[32m"password"[0m 
name=[32m"password"[0m 
className=[32m"text-slate-700 
font-b...[0m
  [90m   |[0m                          
                 [31m[1m^[0m
  [90m48 |[0m                 
<[33mInput[0m 
  [90m49 |[0m                   
id=[32m"password"[0m 
  [90m50 |[0m                   
name=[32m"password"[0m
Next.js build worker exited with code: 1 
and signal: null
