src/components/customer-table.tsx(10,8): error TS2307: Cannot find module '@/components/ui/table' or its corresponding type declarations.
src/components/customer-table.tsx(19,8): error TS2307: Cannot find module '@/components/ui/dropdown-menu' or its corresponding type declarations.
src/components/customer-table.tsx(20,23): error TS2307: Cannot find module '@/components/ui/badge' or its corresponding type declarations.
src/components/customer-table.tsx(39,7): error TS17004: Cannot use JSX unless the '--jsx' flag is provided.
src/components/customer-table.tsx(40,9): error TS17004: Cannot use JSX unless the '--jsx' flag is provided.
src/components/customer-table.tsx(41,11): error TS17004: Cannot use JSX unless the '--jsx' flag is provided.
src/components/customer-table.tsx(43,9): error TS17004: Cannot use JSX unless the '--jsx' flag is provided.
src/components/customer-table.tsx(44,9): error TS17004: Cannot use JSX unless the '--jsx' flag is provided.
src/components/customer-table.tsx(50,5): error TS17004: Cannot use JSX unless the '--jsx' flag is provided.
src/components/customer-table.tsx(51,7): error TS17004: Cannot use JSX unless the '--jsx' flag is provided.
src/components/customer-table.tsx(52,9): error TS17004: Cannot use JSX unless the '--jsx' flag is provided.
src/components/customer-table.tsx(53,11): error TS17004: Cannot use JSX unless the '--jsx' flag is provided.
src/components/customer-table.tsx(54,13): error TS17004: Cannot use JSX unless the '--jsx' flag is provided.
src/components/customer-table.tsx(55,13): error TS17004: Cannot use JSX unless the '--jsx' flag is provided.
src/components/customer-table.tsx(56,13): error TS17004: Cannot use JSX unless the '--jsx' flag is provided.
src/components/customer-table.tsx(57,13): error TS17004: Cannot use JSX unless the '--jsx' flag is provided.
src/components/customer-table.tsx(58,13): error TS17004: Cannot use JSX unless the '--jsx' flag is provided.
src/components/customer-table.tsx(61,9): error TS17004: Cannot use JSX unless the '--jsx' flag is provided.
src/components/customer-table.tsx(63,13): error TS17004: Cannot use JSX unless the '--jsx' flag is provided.
src/components/customer-table.tsx(64,15): error TS17004: Cannot use JSX unless the '--jsx' flag is provided.
src/components/customer-table.tsx(65,17): error TS17004: Cannot use JSX unless the '--jsx' flag is provided.
src/components/customer-table.tsx(66,19): error TS17004: Cannot use JSX unless the '--jsx' flag is provided.
src/components/customer-table.tsx(69,19): error TS17004: Cannot use JSX unless the '--jsx' flag is provided.
src/components/customer-table.tsx(70,21): error TS17004: Cannot use JSX unless the '--jsx' flag is provided.
src/components/customer-table.tsx(71,21): error TS17004: Cannot use JSX unless the '--jsx' flag is provided.
src/components/customer-table.tsx(75,15): error TS17004: Cannot use JSX unless the '--jsx' flag is provided.
src/components/customer-table.tsx(76,17): error TS17004: Cannot use JSX unless the '--jsx' flag is provided.
src/components/customer-table.tsx(77,19): error TS17004: Cannot use JSX unless the '--jsx' flag is provided.
src/components/customer-table.tsx(78,21): error TS17004: Cannot use JSX unless the '--jsx' flag is provided.
src/components/customer-table.tsx(81,19): error TS17004: Cannot use JSX unless the '--jsx' flag is provided.
src/components/customer-table.tsx(82,21): error TS17004: Cannot use JSX unless the '--jsx' flag is provided.
src/components/customer-table.tsx(87,15): error TS17004: Cannot use JSX unless the '--jsx' flag is provided.
src/components/customer-table.tsx(88,17): error TS17004: Cannot use JSX unless the '--jsx' flag is provided.
src/components/customer-table.tsx(89,19): error TS17004: Cannot use JSX unless the '--jsx' flag is provided.
src/components/customer-table.tsx(93,21): error TS17004: Cannot use JSX unless the '--jsx' flag is provided.
src/components/customer-table.tsx(99,15): error TS17004: Cannot use JSX unless the '--jsx' flag is provided.
src/components/customer-table.tsx(100,17): error TS17004: Cannot use JSX unless the '--jsx' flag is provided.
src/components/customer-table.tsx(101,19): error TS17004: Cannot use JSX unless the '--jsx' flag is provided.
src/components/customer-table.tsx(105,15): error TS17004: Cannot use JSX unless the '--jsx' flag is provided.
src/components/customer-table.tsx(106,17): error TS17004: Cannot use JSX unless the '--jsx' flag is provided.
src/components/customer-table.tsx(107,19): error TS17004: Cannot use JSX unless the '--jsx' flag is provided.
src/components/customer-table.tsx(108,21): error TS17004: Cannot use JSX unless the '--jsx' flag is provided.
src/components/customer-table.tsx(110,19): error TS17004: Cannot use JSX unless the '--jsx' flag is provided.
src/components/customer-table.tsx(111,21): error TS17004: Cannot use JSX unless the '--jsx' flag is provided.
src/components/customer-table.tsx(112,21): error TS17004: Cannot use JSX unless the '--jsx' flag is provided.
src/components/customer-table.tsx(113,21): error TS17004: Cannot use JSX unless the '--jsx' flag is provided.
src/components/customer-table.tsx(114,23): error TS17004: Cannot use JSX unless the '--jsx' flag is provided.
src/components/customer-table.tsx(116,21): error TS17004: Cannot use JSX unless the '--jsx' flag is provided.
src/components/customer-table.tsx(117,23): error TS17004: Cannot use JSX unless the '--jsx' flag is provided.
src/components/customer-table.tsx(132,5): error TS17004: Cannot use JSX unless the '--jsx' flag is provided.
src/components/customer-table.tsx(141,7): error TS17004: Cannot use JSX unless the '--jsx' flag is provided.
src/components/customer-table.tsx(142,7): error TS17004: Cannot use JSX unless the '--jsx' flag is provided.
src/components/customer-table.tsx(143,7): error TS17004: Cannot use JSX unless the '--jsx' flag is provided.
src/components/customer-table.tsx(144,7): error TS17004: Cannot use JSX unless the '--jsx' flag is provided.
